{"classMappings":{"test2.TestImport":{"isLayout":false,"isSlot":false,"jsxName":"view","sourceFilePath":"src\/TestImport.vue","sourceModuleName":"test2","valdiViewPath":{"exportedMember":"ComponentClass","fileName":"test2\/src\/TestImport.vue.generated"}}},"generatedTypes":[],"nativeApiMinVersion":null,"nativeTypes":{"entries":[]}}