#include "tsn/tsn.h"
#include <math.h>

 // BEGIN ATOMS
#define TSN_ATOM_TRANSFORM 0
#define TSN_ATOM_SLICE 1
#define TSN_ATOM_A 2
#define TSN_ATOM_B 3
#define TSN_ATOM_C 4
#define TSN_ATOM_OTHERS 5
#define TSN_ATOM_D 6
#define TSN_ATOM_LENGTH 7
#define TSN_ATOM_KEYS 8
#define TSN_ATOM_OBJECT 9
// END ATOMS

static tsn_value file_ts__module_init__(tsn_vm *ctx, tsn_value_const this_val, tsn_stackframe *stackframe, int argc, tsn_value_const *argv, tsn_closure *closure);
static tsn_value file_ts_transform(tsn_vm *ctx, tsn_value_const this_val, tsn_stackframe *stackframe, int argc, tsn_value_const *argv, tsn_closure *closure);

static tsn_value file_ts__module_init__(tsn_vm *ctx, tsn_value_const this_val, tsn_stackframe *stackframe, int argc, tsn_value_const *argv, tsn_closure *closure)
 {
    tsn_module *module = closure->module;
    tsn_value retval_var1 = tsn_undefined(ctx);
    tsn_var_ref vref_var4 = tsn_empty_var_ref(ctx);
    tsn_value object_var3 = tsn_undefined(ctx);
    tsn_var_ref vref_var5 = tsn_empty_var_ref(ctx);
    tsn_value object_var6 = tsn_undefined(ctx);
    tsn_value object_var7 = tsn_undefined(ctx);
    tsn_value object_var2 = tsn_undefined(ctx);
    vref_var4 = tsn_new_var_ref(ctx);
    if (tsn_var_ref_is_exception(ctx, vref_var4)) {
        goto target_file_ts__module_init___0_exception;
    }
    object_var3 = tsn_get_func_arg(ctx, argc, argv, 2);
    tsn_set_var_ref(ctx, vref_var4, object_var3);
    vref_var5 = tsn_new_var_ref(ctx);
    if (tsn_var_ref_is_exception(ctx, vref_var5)) {
        goto target_file_ts__module_init___0_exception;
    }
    /*
        At line 2:0
        export function transform(): number {
          const nums
        [...]
    */
    tsn_set_pc(stackframe, 2, 0);
    object_var6 = tsn_new_function(ctx, module, module->atoms[TSN_ATOM_TRANSFORM], &file_ts_transform, 0);
    if (tsn_is_exception(ctx, object_var6)) {
        goto target_file_ts__module_init___0_exception;
    }
    tsn_set_var_ref(ctx, vref_var5, object_var6);
    object_var7 = tsn_load_var_ref(ctx, vref_var4);
    if (tsn_is_exception(ctx, object_var7)) {
        goto target_file_ts__module_init___0_exception;
    }
    if (tsn_set_property(ctx, &object_var7, module->atoms[TSN_ATOM_TRANSFORM], &object_var6)) {
        goto target_file_ts__module_init___0_exception;
    }
    goto target_file_ts__module_init___1_return;
    target_file_ts__module_init___0_exception:
    object_var2 = tsn_exception(ctx);
    retval_var1 = tsn_retain_inline(ctx, object_var2);
    target_file_ts__module_init___1_return:
    tsn_release_inline(ctx, object_var2);
    tsn_release_inline(ctx, object_var7);
    tsn_release_inline(ctx, object_var6);
    tsn_release_var_ref(ctx, vref_var5);
    tsn_release_inline(ctx, object_var3);
    tsn_release_var_ref(ctx, vref_var4);
    return retval_var1;
}

static tsn_value file_ts_transform(tsn_vm *ctx, tsn_value_const this_val, tsn_stackframe *stackframe, int argc, tsn_value_const *argv, tsn_closure *closure)
 {
    tsn_module *module = closure->module;
    tsn_value retval_var1 = tsn_undefined(ctx);
    tsn_var_ref vref_var3 = tsn_empty_var_ref(ctx);
    tsn_var_ref vref_var4 = tsn_empty_var_ref(ctx);
    tsn_var_ref vref_var5 = tsn_empty_var_ref(ctx);
    tsn_var_ref vref_var6 = tsn_empty_var_ref(ctx);
    tsn_var_ref vref_var7 = tsn_empty_var_ref(ctx);
    tsn_var_ref vref_var8 = tsn_empty_var_ref(ctx);
    tsn_var_ref vref_var9 = tsn_empty_var_ref(ctx);
    tsn_var_ref vref_var10 = tsn_empty_var_ref(ctx);
    tsn_var_ref vref_var11 = tsn_empty_var_ref(ctx);
    tsn_var_ref vref_var12 = tsn_empty_var_ref(ctx);
    tsn_var_ref vref_var13 = tsn_empty_var_ref(ctx);
    tsn_value object_var14 = tsn_undefined(ctx);
    tsn_value number_var15 = tsn_undefined(ctx);
    tsn_value number_var16 = tsn_undefined(ctx);
    tsn_value number_var17 = tsn_undefined(ctx);
    tsn_value number_var18 = tsn_undefined(ctx);
    tsn_value number_var19 = tsn_undefined(ctx);
    tsn_value number_var20 = tsn_undefined(ctx);
    tsn_value number_var21 = tsn_undefined(ctx);
    tsn_value number_var22 = tsn_undefined(ctx);
    tsn_value number_var23 = tsn_undefined(ctx);
    tsn_value object_var24 = tsn_undefined(ctx);
    tsn_value number_var25 = tsn_undefined(ctx);
    tsn_value object_var26 = tsn_undefined(ctx);
    tsn_value number_var27 = tsn_undefined(ctx);
    tsn_value object_var28 = tsn_undefined(ctx);
    tsn_value object_var29 = tsn_undefined(ctx);
    tsn_value number_var30 = tsn_undefined(ctx);
    tsn_value object_var31 = tsn_undefined(ctx);
    tsn_value object_var32 = tsn_undefined(ctx);
    tsn_value number_var33 = tsn_undefined(ctx);
    tsn_value number_var34 = tsn_undefined(ctx);
    tsn_value number_var35 = tsn_undefined(ctx);
    tsn_value object_var36 = tsn_undefined(ctx);
    tsn_value object_var37 = tsn_undefined(ctx);
    tsn_value object_var38 = tsn_undefined(ctx);
    tsn_value number_var39 = tsn_undefined(ctx);
    tsn_value object_var40 = tsn_undefined(ctx);
    tsn_value object_var41 = tsn_undefined(ctx);
    tsn_value number_var42 = tsn_undefined(ctx);
    tsn_value number_var43 = tsn_undefined(ctx);
    tsn_value object_var44 = tsn_undefined(ctx);
    tsn_value number_var45 = tsn_undefined(ctx);
    tsn_value number_var46 = tsn_undefined(ctx);
    tsn_value number_var47 = tsn_undefined(ctx);
    tsn_value object_var48 = tsn_undefined(ctx);
    tsn_value number_var49 = tsn_undefined(ctx);
    tsn_value number_var50 = tsn_undefined(ctx);
    tsn_value number_var51 = tsn_undefined(ctx);
    tsn_value number_var52 = tsn_undefined(ctx);
    tsn_value object_var53 = tsn_undefined(ctx);
    tsn_value object_var54 = tsn_undefined(ctx);
    tsn_value object_var55 = tsn_undefined(ctx);
    tsn_value object_var56 = tsn_undefined(ctx);
    tsn_value object_var57 = tsn_undefined(ctx);
    tsn_value object_var58 = tsn_undefined(ctx);
    tsn_value object_var59 = tsn_undefined(ctx);
    tsn_value object_var60 = tsn_undefined(ctx);
    tsn_value object_var61 = tsn_undefined(ctx);
    tsn_value object_var62 = tsn_undefined(ctx);
    tsn_value object_var63 = tsn_undefined(ctx);
    tsn_value object_var64 = tsn_undefined(ctx);
    tsn_value object_var65 = tsn_undefined(ctx);
    tsn_value object_var66 = tsn_undefined(ctx);
    tsn_value object_var67 = tsn_undefined(ctx);
    tsn_value object_var68 = tsn_undefined(ctx);
    tsn_value object_var69 = tsn_undefined(ctx);
    tsn_value object_var70 = tsn_undefined(ctx);
    tsn_value object_var71 = tsn_undefined(ctx);
    tsn_value object_var72 = tsn_undefined(ctx);
    tsn_value object_var73 = tsn_undefined(ctx);
    tsn_value object_var74 = tsn_undefined(ctx);
    tsn_value object_var75 = tsn_undefined(ctx);
    tsn_value object_var76 = tsn_undefined(ctx);
    tsn_value object_var77 = tsn_undefined(ctx);
    tsn_value object_var78 = tsn_undefined(ctx);
    tsn_value object_var79 = tsn_undefined(ctx);
    tsn_value object_var80 = tsn_undefined(ctx);
    tsn_value object_var81 = tsn_undefined(ctx);
    tsn_value object_var82 = tsn_undefined(ctx);
    tsn_value object_var83 = tsn_undefined(ctx);
    tsn_value object_var84 = tsn_undefined(ctx);
    tsn_value object_var2 = tsn_undefined(ctx);
    vref_var3 = tsn_new_var_ref(ctx);
    if (tsn_var_ref_is_exception(ctx, vref_var3)) {
        goto target_file_ts_transform_0_exception;
    }
    vref_var4 = tsn_new_var_ref(ctx);
    if (tsn_var_ref_is_exception(ctx, vref_var4)) {
        goto target_file_ts_transform_0_exception;
    }
    vref_var5 = tsn_new_var_ref(ctx);
    if (tsn_var_ref_is_exception(ctx, vref_var5)) {
        goto target_file_ts_transform_0_exception;
    }
    vref_var6 = tsn_new_var_ref(ctx);
    if (tsn_var_ref_is_exception(ctx, vref_var6)) {
        goto target_file_ts_transform_0_exception;
    }
    vref_var7 = tsn_new_var_ref(ctx);
    if (tsn_var_ref_is_exception(ctx, vref_var7)) {
        goto target_file_ts_transform_0_exception;
    }
    vref_var8 = tsn_new_var_ref(ctx);
    if (tsn_var_ref_is_exception(ctx, vref_var8)) {
        goto target_file_ts_transform_0_exception;
    }
    vref_var9 = tsn_new_var_ref(ctx);
    if (tsn_var_ref_is_exception(ctx, vref_var9)) {
        goto target_file_ts_transform_0_exception;
    }
    vref_var10 = tsn_new_var_ref(ctx);
    if (tsn_var_ref_is_exception(ctx, vref_var10)) {
        goto target_file_ts_transform_0_exception;
    }
    vref_var11 = tsn_new_var_ref(ctx);
    if (tsn_var_ref_is_exception(ctx, vref_var11)) {
        goto target_file_ts_transform_0_exception;
    }
    vref_var12 = tsn_new_var_ref(ctx);
    if (tsn_var_ref_is_exception(ctx, vref_var12)) {
        goto target_file_ts_transform_0_exception;
    }
    vref_var13 = tsn_new_var_ref(ctx);
    if (tsn_var_ref_is_exception(ctx, vref_var13)) {
        goto target_file_ts_transform_0_exception;
    }
    /*
        At line 3:8
        nums = [1, 2, 3, 4]
    */
    tsn_set_pc(stackframe, 3, 8);
    /*
        At line 3:15
        [1, 2, 3, 4]
    */
    object_var14 = tsn_new_array(ctx);
    if (tsn_is_exception(ctx, object_var14)) {
        goto target_file_ts_transform_0_exception;
    }
    number_var15 = tsn_int32(ctx, 0);
    number_var16 = tsn_int32(ctx, 1);
    if (tsn_set_property_value(ctx, object_var14, number_var15, number_var16)) {
        goto target_file_ts_transform_0_exception;
    }
    number_var17 = tsn_op_inc(ctx, number_var15);
    number_var18 = tsn_int32(ctx, 2);
    if (tsn_set_property_value(ctx, object_var14, number_var17, number_var18)) {
        goto target_file_ts_transform_0_exception;
    }
    number_var19 = tsn_op_inc(ctx, number_var17);
    number_var20 = tsn_int32(ctx, 3);
    if (tsn_set_property_value(ctx, object_var14, number_var19, number_var20)) {
        goto target_file_ts_transform_0_exception;
    }
    number_var21 = tsn_op_inc(ctx, number_var19);
    number_var22 = tsn_int32(ctx, 4);
    if (tsn_set_property_value(ctx, object_var14, number_var21, number_var22)) {
        goto target_file_ts_transform_0_exception;
    }
    number_var23 = tsn_op_inc(ctx, number_var21);
    tsn_set_var_ref(ctx, vref_var3, object_var14);
    /*
        At line 4:8
        [first, second, ...rest] = nums
    */
    tsn_set_pc(stackframe, 4, 8);
    object_var24 = tsn_load_var_ref(ctx, vref_var3);
    if (tsn_is_exception(ctx, object_var24)) {
        goto target_file_ts_transform_0_exception;
    }
    number_var25 = tsn_int32(ctx, 0);
    object_var26 = tsn_get_property_value(ctx, object_var24, number_var25, object_var24);
    if (tsn_is_exception(ctx, object_var26)) {
        goto target_file_ts_transform_0_exception;
    }
    tsn_set_var_ref(ctx, vref_var4, object_var26);
    number_var27 = tsn_int32(ctx, 1);
    object_var28 = tsn_get_property_value(ctx, object_var24, number_var27, object_var24);
    if (tsn_is_exception(ctx, object_var28)) {
        goto target_file_ts_transform_0_exception;
    }
    tsn_set_var_ref(ctx, vref_var5, object_var28);
    object_var29 = tsn_get_property(ctx, &object_var24, module->atoms[TSN_ATOM_SLICE], &object_var24, 0);
    if (tsn_is_exception(ctx, object_var29)) {
        goto target_file_ts_transform_0_exception;
    }
    number_var30 = tsn_int32(ctx, 2);
    object_var31 = tsn_call(ctx, object_var29, object_var24, 1, (tsn_value[]){number_var30});
    if (tsn_is_exception(ctx, object_var31)) {
        goto target_file_ts_transform_0_exception;
    }
    tsn_set_var_ref(ctx, vref_var6, object_var31);
    /*
        At line 5:8
        obj = { a: 1, b: 2, c: 3 }
    */
    tsn_set_pc(stackframe, 5, 8);
    /*
        At line 5:14
        { a: 1, b: 2, c: 3 }
    */
    object_var32 = tsn_new_object(ctx);
    if (tsn_is_exception(ctx, object_var32)) {
        goto target_file_ts_transform_0_exception;
    }
    number_var33 = tsn_int32(ctx, 1);
    if (tsn_set_property(ctx, &object_var32, module->atoms[TSN_ATOM_A], &number_var33)) {
        goto target_file_ts_transform_0_exception;
    }
    number_var34 = tsn_int32(ctx, 2);
    if (tsn_set_property(ctx, &object_var32, module->atoms[TSN_ATOM_B], &number_var34)) {
        goto target_file_ts_transform_0_exception;
    }
    number_var35 = tsn_int32(ctx, 3);
    if (tsn_set_property(ctx, &object_var32, module->atoms[TSN_ATOM_C], &number_var35)) {
        goto target_file_ts_transform_0_exception;
    }
    tsn_set_var_ref(ctx, vref_var7, object_var32);
    /*
        At line 6:8
        { a, ...others } = obj
    */
    tsn_set_pc(stackframe, 6, 8);
    object_var36 = tsn_load_var_ref(ctx, vref_var7);
    if (tsn_is_exception(ctx, object_var36)) {
        goto target_file_ts_transform_0_exception;
    }
    object_var37 = tsn_get_property(ctx, &object_var36, module->atoms[TSN_ATOM_A], &object_var36, 0);
    if (tsn_is_exception(ctx, object_var37)) {
        goto target_file_ts_transform_0_exception;
    }
    tsn_set_var_ref(ctx, vref_var8, object_var37);
    object_var38 = tsn_new_object(ctx);
    if (tsn_is_exception(ctx, object_var38)) {
        goto target_file_ts_transform_0_exception;
    }
    number_var39 = tsn_copy_filtered_properties(ctx, object_var38, object_var36, 1, (tsn_atom[]){module->atoms[TSN_ATOM_A]});
    if (tsn_is_exception(ctx, number_var39)) {
        goto target_file_ts_transform_0_exception;
    }
    tsn_set_var_ref(ctx, vref_var9, object_var38);
    /*
        At line 7:8
        merged = { ...obj, d: 4 }
    */
    tsn_set_pc(stackframe, 7, 8);
    /*
        At line 7:17
        { ...obj, d: 4 }
    */
    object_var40 = tsn_new_object(ctx);
    if (tsn_is_exception(ctx, object_var40)) {
        goto target_file_ts_transform_0_exception;
    }
    object_var41 = tsn_load_var_ref(ctx, vref_var7);
    if (tsn_is_exception(ctx, object_var41)) {
        goto target_file_ts_transform_0_exception;
    }
    number_var42 = tsn_copy_properties(ctx, object_var40, object_var41);
    if (tsn_is_exception(ctx, number_var42)) {
        goto target_file_ts_transform_0_exception;
    }
    number_var43 = tsn_int32(ctx, 4);
    if (tsn_set_property(ctx, &object_var40, module->atoms[TSN_ATOM_D], &number_var43)) {
        goto target_file_ts_transform_0_exception;
    }
    tsn_set_var_ref(ctx, vref_var10, object_var40);
    /*
        At line 8:8
        combined = [0, ...nums, 5]
    */
    tsn_set_pc(stackframe, 8, 8);
    /*
        At line 8:19
        [0, ...nums, 5]
    */
    object_var44 = tsn_new_array(ctx);
    if (tsn_is_exception(ctx, object_var44)) {
        goto target_file_ts_transform_0_exception;
    }
    number_var45 = tsn_int32(ctx, 0);
    number_var46 = tsn_int32(ctx, 0);
    if (tsn_set_property_value(ctx, object_var44, number_var45, number_var46)) {
        goto target_file_ts_transform_0_exception;
    }
    number_var47 = tsn_op_inc(ctx, number_var45);
    object_var48 = tsn_load_var_ref(ctx, vref_var3);
    if (tsn_is_exception(ctx, object_var48)) {
        goto target_file_ts_transform_0_exception;
    }
    number_var49 = tsn_copy_properties(ctx, object_var44, object_var48);
    if (tsn_is_exception(ctx, number_var49)) {
        goto target_file_ts_transform_0_exception;
    }
    number_var50 = tsn_op_add(ctx, number_var47, number_var49);
    number_var51 = tsn_int32(ctx, 5);
    if (tsn_set_property_value(ctx, object_var44, number_var50, number_var51)) {
        goto target_file_ts_transform_0_exception;
    }
    number_var52 = tsn_op_inc(ctx, number_var50);
    tsn_set_var_ref(ctx, vref_var11, object_var44);
    /*
        At line 9:8
        name = 'valdi'
    */
    tsn_set_pc(stackframe, 9, 8);
    object_var53 = tsn_get_module_const(ctx, module, 0);
    tsn_set_var_ref(ctx, vref_var12, object_var53);
    /*
        At line 10:8
        label = `name=${name} first=${first}`
    */
    tsn_set_pc(stackframe, 10, 8);
    /*
        At line 10:16
        `name=${name} first=${first}`
    */
    object_var54 = tsn_get_module_const(ctx, module, 1);
    object_var55 = tsn_load_var_ref(ctx, vref_var12);
    if (tsn_is_exception(ctx, object_var55)) {
        goto target_file_ts_transform_0_exception;
    }
    object_var56 = tsn_op_add(ctx, object_var54, object_var55);
    if (tsn_is_exception(ctx, object_var56)) {
        goto target_file_ts_transform_0_exception;
    }
    object_var57 = tsn_get_module_const(ctx, module, 2);
    object_var58 = tsn_op_add(ctx, object_var56, object_var57);
    if (tsn_is_exception(ctx, object_var58)) {
        goto target_file_ts_transform_0_exception;
    }
    object_var59 = tsn_load_var_ref(ctx, vref_var4);
    if (tsn_is_exception(ctx, object_var59)) {
        goto target_file_ts_transform_0_exception;
    }
    object_var60 = tsn_op_add(ctx, object_var58, object_var59);
    if (tsn_is_exception(ctx, object_var60)) {
        goto target_file_ts_transform_0_exception;
    }
    tsn_set_var_ref(ctx, vref_var13, object_var60);
    /*
        At line 11:9
        (
            first +
            second +
            rest.length +
            a
        [...]
    */
    tsn_set_pc(stackframe, 11, 9);
    /*
        At line 12:4
        first +
            second +
            rest.length +
            a +
           
        [...]
    */
    tsn_set_pc(stackframe, 12, 4);
    /*
        At line 19:4
        Object.keys(others).length
    */
    tsn_set_pc(stackframe, 19, 4);
    object_var61 = tsn_get_global(ctx);
    object_var62 = tsn_get_property(ctx, &object_var61, module->atoms[TSN_ATOM_OBJECT], &object_var61, 0);
    if (tsn_is_exception(ctx, object_var62)) {
        goto target_file_ts_transform_0_exception;
    }
    object_var63 = tsn_get_property(ctx, &object_var62, module->atoms[TSN_ATOM_KEYS], &object_var62, 0);
    if (tsn_is_exception(ctx, object_var63)) {
        goto target_file_ts_transform_0_exception;
    }
    /*
        At line 19:4
        Object.keys(others)
    */
    object_var64 = tsn_load_var_ref(ctx, vref_var9);
    if (tsn_is_exception(ctx, object_var64)) {
        goto target_file_ts_transform_0_exception;
    }
    object_var65 = tsn_call(ctx, object_var63, object_var62, 1, (tsn_value[]){object_var64});
    if (tsn_is_exception(ctx, object_var65)) {
        goto target_file_ts_transform_0_exception;
    }
    object_var66 = tsn_get_property(ctx, &object_var65, module->atoms[TSN_ATOM_LENGTH], &object_var65, 0);
    if (tsn_is_exception(ctx, object_var66)) {
        goto target_file_ts_transform_0_exception;
    }
    /*
        At line 12:4
        first +
            second +
            rest.length +
            a +
           
        [...]
    */
    tsn_set_pc(stackframe, 12, 4);
    /*
        At line 18:4
        label.length
    */
    tsn_set_pc(stackframe, 18, 4);
    object_var67 = tsn_load_var_ref(ctx, vref_var13);
    if (tsn_is_exception(ctx, object_var67)) {
        goto target_file_ts_transform_0_exception;
    }
    object_var68 = tsn_get_property(ctx, &object_var67, module->atoms[TSN_ATOM_LENGTH], &object_var67, 0);
    if (tsn_is_exception(ctx, object_var68)) {
        goto target_file_ts_transform_0_exception;
    }
    /*
        At line 12:4
        first +
            second +
            rest.length +
            a +
           
        [...]
    */
    tsn_set_pc(stackframe, 12, 4);
    /*
        At line 17:4
        combined.length
    */
    tsn_set_pc(stackframe, 17, 4);
    object_var69 = tsn_load_var_ref(ctx, vref_var11);
    if (tsn_is_exception(ctx, object_var69)) {
        goto target_file_ts_transform_0_exception;
    }
    object_var70 = tsn_get_property(ctx, &object_var69, module->atoms[TSN_ATOM_LENGTH], &object_var69, 0);
    if (tsn_is_exception(ctx, object_var70)) {
        goto target_file_ts_transform_0_exception;
    }
    /*
        At line 12:4
        first +
            second +
            rest.length +
            a +
           
        [...]
    */
    tsn_set_pc(stackframe, 12, 4);
    /*
        At line 16:4
        merged.d
    */
    tsn_set_pc(stackframe, 16, 4);
    object_var71 = tsn_load_var_ref(ctx, vref_var10);
    if (tsn_is_exception(ctx, object_var71)) {
        goto target_file_ts_transform_0_exception;
    }
    object_var72 = tsn_get_property(ctx, &object_var71, module->atoms[TSN_ATOM_D], &object_var71, 0);
    if (tsn_is_exception(ctx, object_var72)) {
        goto target_file_ts_transform_0_exception;
    }
    /*
        At line 12:4
        first +
            second +
            rest.length +
            a
    */
    tsn_set_pc(stackframe, 12, 4);
    object_var73 = tsn_load_var_ref(ctx, vref_var8);
    if (tsn_is_exception(ctx, object_var73)) {
        goto target_file_ts_transform_0_exception;
    }
    /*
        At line 12:4
        first +
            second +
            rest.length
    */
    /*
        At line 14:4
        rest.length
    */
    tsn_set_pc(stackframe, 14, 4);
    object_var74 = tsn_load_var_ref(ctx, vref_var6);
    if (tsn_is_exception(ctx, object_var74)) {
        goto target_file_ts_transform_0_exception;
    }
    object_var75 = tsn_get_property(ctx, &object_var74, module->atoms[TSN_ATOM_LENGTH], &object_var74, 0);
    if (tsn_is_exception(ctx, object_var75)) {
        goto target_file_ts_transform_0_exception;
    }
    /*
        At line 12:4
        first +
            second
    */
    tsn_set_pc(stackframe, 12, 4);
    object_var76 = tsn_load_var_ref(ctx, vref_var5);
    if (tsn_is_exception(ctx, object_var76)) {
        goto target_file_ts_transform_0_exception;
    }
    object_var77 = tsn_load_var_ref(ctx, vref_var4);
    if (tsn_is_exception(ctx, object_var77)) {
        goto target_file_ts_transform_0_exception;
    }
    object_var78 = tsn_op_add(ctx, object_var77, object_var76);
    if (tsn_is_exception(ctx, object_var78)) {
        goto target_file_ts_transform_0_exception;
    }
    object_var79 = tsn_op_add(ctx, object_var78, object_var75);
    if (tsn_is_exception(ctx, object_var79)) {
        goto target_file_ts_transform_0_exception;
    }
    object_var80 = tsn_op_add(ctx, object_var79, object_var73);
    if (tsn_is_exception(ctx, object_var80)) {
        goto target_file_ts_transform_0_exception;
    }
    object_var81 = tsn_op_add(ctx, object_var80, object_var72);
    if (tsn_is_exception(ctx, object_var81)) {
        goto target_file_ts_transform_0_exception;
    }
    object_var82 = tsn_op_add(ctx, object_var81, object_var70);
    if (tsn_is_exception(ctx, object_var82)) {
        goto target_file_ts_transform_0_exception;
    }
    object_var83 = tsn_op_add(ctx, object_var82, object_var68);
    if (tsn_is_exception(ctx, object_var83)) {
        goto target_file_ts_transform_0_exception;
    }
    object_var84 = tsn_op_add(ctx, object_var83, object_var66);
    if (tsn_is_exception(ctx, object_var84)) {
        goto target_file_ts_transform_0_exception;
    }
    retval_var1 = tsn_retain_inline(ctx, object_var84);
    goto target_file_ts_transform_1_return;
    goto target_file_ts_transform_1_return;
    target_file_ts_transform_0_exception:
    object_var2 = tsn_exception(ctx);
    retval_var1 = tsn_retain_inline(ctx, object_var2);
    target_file_ts_transform_1_return:
    tsn_release_inline(ctx, object_var2);
    tsn_release_inline(ctx, object_var84);
    tsn_release_inline(ctx, object_var83);
    tsn_release_inline(ctx, object_var82);
    tsn_release_inline(ctx, object_var81);
    tsn_release_inline(ctx, object_var80);
    tsn_release_inline(ctx, object_var79);
    tsn_release_inline(ctx, object_var78);
    tsn_release_inline(ctx, object_var77);
    tsn_release_inline(ctx, object_var76);
    tsn_release_inline(ctx, object_var75);
    tsn_release_inline(ctx, object_var74);
    tsn_release_inline(ctx, object_var73);
    tsn_release_inline(ctx, object_var72);
    tsn_release_inline(ctx, object_var71);
    tsn_release_inline(ctx, object_var70);
    tsn_release_inline(ctx, object_var69);
    tsn_release_inline(ctx, object_var68);
    tsn_release_inline(ctx, object_var67);
    tsn_release_inline(ctx, object_var66);
    tsn_release_inline(ctx, object_var65);
    tsn_release_inline(ctx, object_var64);
    tsn_release_inline(ctx, object_var63);
    tsn_release_inline(ctx, object_var62);
    tsn_release_inline(ctx, object_var61);
    tsn_release_inline(ctx, object_var60);
    tsn_release_inline(ctx, object_var59);
    tsn_release_inline(ctx, object_var58);
    tsn_release_inline(ctx, object_var57);
    tsn_release_inline(ctx, object_var56);
    tsn_release_inline(ctx, object_var55);
    tsn_release_inline(ctx, object_var54);
    tsn_release_inline(ctx, object_var53);
    tsn_release_inline(ctx, object_var48);
    tsn_release_inline(ctx, object_var44);
    tsn_release_inline(ctx, object_var41);
    tsn_release_inline(ctx, object_var40);
    tsn_release_inline(ctx, object_var38);
    tsn_release_inline(ctx, object_var37);
    tsn_release_inline(ctx, object_var36);
    tsn_release_inline(ctx, object_var32);
    tsn_release_inline(ctx, object_var31);
    tsn_release_inline(ctx, object_var29);
    tsn_release_inline(ctx, object_var28);
    tsn_release_inline(ctx, object_var26);
    tsn_release_inline(ctx, object_var24);
    tsn_release_inline(ctx, object_var14);
    tsn_release_var_ref(ctx, vref_var13);
    tsn_release_var_ref(ctx, vref_var12);
    tsn_release_var_ref(ctx, vref_var11);
    tsn_release_var_ref(ctx, vref_var10);
    tsn_release_var_ref(ctx, vref_var9);
    tsn_release_var_ref(ctx, vref_var8);
    tsn_release_var_ref(ctx, vref_var7);
    tsn_release_var_ref(ctx, vref_var6);
    tsn_release_var_ref(ctx, vref_var5);
    tsn_release_var_ref(ctx, vref_var4);
    tsn_release_var_ref(ctx, vref_var3);
    return retval_var1;
}


 // BEGIN MODULE DEFINITION 'file_ts'
static const tsn_string_def file_ts_module_atoms[] =  {
    {"transform", 9},
    {"slice", 5},
    {"a", 1},
    {"b", 1},
    {"c", 1},
    {"others", 6},
    {"d", 1},
    {"length", 6},
    {"keys", 4},
    {"Object", 6},
};
static const tsn_string_def file_ts_module_constants[] =  {
    {"valdi", 5},
    {"name=", 5},
    {" first=", 7},
};
static tsn_value file_ts_create_module_func(tsn_vm *ctx) {
    tsn_module *module;
    module = tsn_new_module(ctx, 10, 3, 0);
    tsn_assign_module_atoms(ctx, module, file_ts_module_atoms, 10);
    tsn_assign_module_strings(ctx, module, file_ts_module_constants, 3);
    tsn_value output;
    output = tsn_new_module_init_fn(ctx, module, &file_ts__module_init__);
    tsn_free_module(ctx, module);
    return output;
}

__attribute__((constructor)) static void __do_register_module() {
    tsn_register_module("file.ts", file_ts_create_module_func);
}

