#include "tsn/tsn.h"
#include <math.h>

 // BEGIN ATOMS
#define TSN_ATOM_FACTORIAL 0
#define TSN_ATOM_GREET 1
#define TSN_ATOM_APPLY 2
#define TSN_ATOM_MAKEADDER 3
#define TSN_ATOM_RUN 4
#define TSN_ATOM_LENGTH 5
// END ATOMS

static tsn_value file_ts__module_init__(tsn_vm *ctx, tsn_value_const this_val, tsn_stackframe *stackframe, int argc, tsn_value_const *argv, tsn_closure *closure);
static tsn_value file_ts_factorial(tsn_vm *ctx, tsn_value_const this_val, tsn_stackframe *stackframe, int argc, tsn_value_const *argv, tsn_closure *closure);
static tsn_value file_ts_greet(tsn_vm *ctx, tsn_value_const this_val, tsn_stackframe *stackframe, int argc, tsn_value_const *argv, tsn_closure *closure);
static tsn_value file_ts_apply(tsn_vm *ctx, tsn_value_const this_val, tsn_stackframe *stackframe, int argc, tsn_value_const *argv, tsn_closure *closure);
static tsn_value file_ts_makeAdder(tsn_vm *ctx, tsn_value_const this_val, tsn_stackframe *stackframe, int argc, tsn_value_const *argv, tsn_closure *closure);
static tsn_value file_ts_makeAdder_anon(tsn_vm *ctx, tsn_value_const this_val, tsn_stackframe *stackframe, int argc, tsn_value_const *argv, tsn_closure *closure);
static tsn_value file_ts_run(tsn_vm *ctx, tsn_value_const this_val, tsn_stackframe *stackframe, int argc, tsn_value_const *argv, tsn_closure *closure);
static tsn_value file_ts_run_doubled_anon(tsn_vm *ctx, tsn_value_const this_val, tsn_stackframe *stackframe, int argc, tsn_value_const *argv, tsn_closure *closure);

static tsn_value file_ts__module_init__(tsn_vm *ctx, tsn_value_const this_val, tsn_stackframe *stackframe, int argc, tsn_value_const *argv, tsn_closure *closure)
 {
    tsn_module *module = closure->module;
    tsn_value retval_var1 = tsn_undefined(ctx);
    tsn_var_ref vref_var4 = tsn_empty_var_ref(ctx);
    tsn_value object_var3 = tsn_undefined(ctx);
    tsn_var_ref vref_var5 = tsn_empty_var_ref(ctx);
    tsn_var_ref vref_var6 = tsn_empty_var_ref(ctx);
    tsn_var_ref vref_var7 = tsn_empty_var_ref(ctx);
    tsn_var_ref vref_var8 = tsn_empty_var_ref(ctx);
    tsn_var_ref vref_var9 = tsn_empty_var_ref(ctx);
    tsn_value object_var10 = tsn_undefined(ctx);
    tsn_value object_var11 = tsn_undefined(ctx);
    tsn_value object_var12 = tsn_undefined(ctx);
    tsn_value object_var13 = tsn_undefined(ctx);
    tsn_value object_var14 = tsn_undefined(ctx);
    tsn_value object_var15 = tsn_undefined(ctx);
    tsn_value object_var2 = tsn_undefined(ctx);
    vref_var4 = tsn_new_var_ref(ctx);
    if (tsn_var_ref_is_exception(ctx, vref_var4)) {
        goto target_file_ts__module_init___0_exception;
    }
    object_var3 = tsn_get_func_arg(ctx, argc, argv, 2);
    tsn_set_var_ref(ctx, vref_var4, object_var3);
    vref_var5 = tsn_new_var_ref(ctx);
    if (tsn_var_ref_is_exception(ctx, vref_var5)) {
        goto target_file_ts__module_init___0_exception;
    }
    vref_var6 = tsn_new_var_ref(ctx);
    if (tsn_var_ref_is_exception(ctx, vref_var6)) {
        goto target_file_ts__module_init___0_exception;
    }
    vref_var7 = tsn_new_var_ref(ctx);
    if (tsn_var_ref_is_exception(ctx, vref_var7)) {
        goto target_file_ts__module_init___0_exception;
    }
    vref_var8 = tsn_new_var_ref(ctx);
    if (tsn_var_ref_is_exception(ctx, vref_var8)) {
        goto target_file_ts__module_init___0_exception;
    }
    vref_var9 = tsn_new_var_ref(ctx);
    if (tsn_var_ref_is_exception(ctx, vref_var9)) {
        goto target_file_ts__module_init___0_exception;
    }
    /*
        At line 2:0
        function factorial(n: number): number {
          return n
        [...]
    */
    tsn_set_pc(stackframe, 2, 0);
    object_var10 = tsn_new_function_closure(ctx, module, module->atoms[TSN_ATOM_FACTORIAL], &file_ts_factorial, 1, 1, (tsn_var_ref[]){vref_var5});
    if (tsn_is_exception(ctx, object_var10)) {
        goto target_file_ts__module_init___0_exception;
    }
    tsn_set_var_ref(ctx, vref_var5, object_var10);
    /*
        At line 6:0
        function greet(name: string, greeting: string = 'H
        [...]
    */
    tsn_set_pc(stackframe, 6, 0);
    object_var11 = tsn_new_function(ctx, module, module->atoms[TSN_ATOM_GREET], &file_ts_greet, 2);
    if (tsn_is_exception(ctx, object_var11)) {
        goto target_file_ts__module_init___0_exception;
    }
    tsn_set_var_ref(ctx, vref_var6, object_var11);
    /*
        At line 10:0
        function apply(fn: (x: number) => number, value: n
        [...]
    */
    tsn_set_pc(stackframe, 10, 0);
    object_var12 = tsn_new_function(ctx, module, module->atoms[TSN_ATOM_APPLY], &file_ts_apply, 2);
    if (tsn_is_exception(ctx, object_var12)) {
        goto target_file_ts__module_init___0_exception;
    }
    tsn_set_var_ref(ctx, vref_var7, object_var12);
    /*
        At line 14:0
        function makeAdder(amount: number): (x: number) =>
        [...]
    */
    tsn_set_pc(stackframe, 14, 0);
    object_var13 = tsn_new_function(ctx, module, module->atoms[TSN_ATOM_MAKEADDER], &file_ts_makeAdder, 1);
    if (tsn_is_exception(ctx, object_var13)) {
        goto target_file_ts__module_init___0_exception;
    }
    tsn_set_var_ref(ctx, vref_var8, object_var13);
    /*
        At line 18:0
        export function run(): number {
          const add5 = mak
        [...]
    */
    tsn_set_pc(stackframe, 18, 0);
    object_var14 = tsn_new_function_closure(ctx, module, module->atoms[TSN_ATOM_RUN], &file_ts_run, 0, 4, (tsn_var_ref[]){vref_var8, vref_var7, vref_var6, vref_var5});
    if (tsn_is_exception(ctx, object_var14)) {
        goto target_file_ts__module_init___0_exception;
    }
    tsn_set_var_ref(ctx, vref_var9, object_var14);
    object_var15 = tsn_load_var_ref(ctx, vref_var4);
    if (tsn_is_exception(ctx, object_var15)) {
        goto target_file_ts__module_init___0_exception;
    }
    if (tsn_set_property(ctx, &object_var15, module->atoms[TSN_ATOM_RUN], &object_var14)) {
        goto target_file_ts__module_init___0_exception;
    }
    goto target_file_ts__module_init___1_return;
    target_file_ts__module_init___0_exception:
    object_var2 = tsn_exception(ctx);
    retval_var1 = tsn_retain_inline(ctx, object_var2);
    target_file_ts__module_init___1_return:
    tsn_release_inline(ctx, object_var2);
    tsn_release_inline(ctx, object_var15);
    tsn_release_inline(ctx, object_var14);
    tsn_release_inline(ctx, object_var13);
    tsn_release_inline(ctx, object_var12);
    tsn_release_inline(ctx, object_var11);
    tsn_release_inline(ctx, object_var10);
    tsn_release_var_ref(ctx, vref_var9);
    tsn_release_var_ref(ctx, vref_var8);
    tsn_release_var_ref(ctx, vref_var7);
    tsn_release_var_ref(ctx, vref_var6);
    tsn_release_var_ref(ctx, vref_var5);
    tsn_release_inline(ctx, object_var3);
    tsn_release_var_ref(ctx, vref_var4);
    return retval_var1;
}

static tsn_value file_ts_factorial(tsn_vm *ctx, tsn_value_const this_val, tsn_stackframe *stackframe, int argc, tsn_value_const *argv, tsn_closure *closure)
 {
    tsn_module *module = closure->module;
    tsn_value retval_var1 = tsn_undefined(ctx);
    tsn_var_ref vref_var3 = tsn_empty_var_ref(ctx);
    tsn_var_ref vref_var10 = tsn_empty_var_ref(ctx);
    tsn_value object_var4 = tsn_undefined(ctx);
    tsn_value number_var6 = tsn_undefined(ctx);
    tsn_value object_var7 = tsn_undefined(ctx);
    tsn_value bool_var8 = tsn_undefined(ctx);
    tsn_value number_var9 = tsn_undefined(ctx);
    tsn_value number_var5 = tsn_undefined(ctx);
    tsn_value object_var11 = tsn_undefined(ctx);
    tsn_value number_var12 = tsn_undefined(ctx);
    tsn_value object_var13 = tsn_undefined(ctx);
    tsn_value number_var14 = tsn_undefined(ctx);
    tsn_value object_var15 = tsn_undefined(ctx);
    tsn_value object_var16 = tsn_undefined(ctx);
    tsn_value number_var17 = tsn_undefined(ctx);
    tsn_value object_var2 = tsn_undefined(ctx);
    vref_var3 = tsn_new_var_ref(ctx);
    if (tsn_var_ref_is_exception(ctx, vref_var3)) {
        goto target_file_ts_factorial_0_exception;
    }
    vref_var10 = tsn_get_closure_var(ctx, closure, 0);
    object_var4 = tsn_get_func_arg(ctx, argc, argv, 0);
    tsn_set_var_ref(ctx, vref_var3, object_var4);
    /*
        At line 3:9
        n <= 1 ? 1 : n * factorial(n - 1)
    */
    tsn_set_pc(stackframe, 3, 9);
    target_file_ts_factorial_2_condition:
    /*
        At line 3:9
        n <= 1
    */
    tsn_set_pc(stackframe, 3, 9);
    number_var6 = tsn_int32(ctx, 1);
    object_var7 = tsn_load_var_ref(ctx, vref_var3);
    if (tsn_is_exception(ctx, object_var7)) {
        goto target_file_ts_factorial_0_exception;
    }
    bool_var8 = tsn_op_lte(ctx, object_var7, number_var6);
    if (tsn_is_exception(ctx, bool_var8)) {
        goto target_file_ts_factorial_0_exception;
    }
    if (tsn_truthy_bool(ctx, bool_var8)) {
        goto target_file_ts_factorial_3_condition_true;
    }
    else {
        goto target_file_ts_factorial_4_condition_false;
    }
    target_file_ts_factorial_3_condition_true:
    number_var9 = tsn_int32(ctx, 1);
    number_var5 = number_var9;
    goto target_file_ts_factorial_5_exit;
    target_file_ts_factorial_4_condition_false:
    /*
        At line 3:22
        n * factorial(n - 1)
    */
    tsn_set_pc(stackframe, 3, 22);
    object_var11 = tsn_load_var_ref(ctx, vref_var10);
    if (tsn_is_exception(ctx, object_var11)) {
        goto target_file_ts_factorial_0_exception;
    }
    /*
        At line 3:26
        factorial(n - 1)
    */
    /*
        At line 3:36
        n - 1
    */
    number_var12 = tsn_int32(ctx, 1);
    object_var13 = tsn_load_var_ref(ctx, vref_var3);
    if (tsn_is_exception(ctx, object_var13)) {
        goto target_file_ts_factorial_0_exception;
    }
    number_var14 = tsn_op_sub(ctx, object_var13, number_var12);
    if (tsn_is_exception(ctx, number_var14)) {
        goto target_file_ts_factorial_0_exception;
    }
    object_var15 = tsn_call(ctx, object_var11, object_var11, 1, (tsn_value[]){number_var14});
    if (tsn_is_exception(ctx, object_var15)) {
        goto target_file_ts_factorial_0_exception;
    }
    object_var16 = tsn_load_var_ref(ctx, vref_var3);
    if (tsn_is_exception(ctx, object_var16)) {
        goto target_file_ts_factorial_0_exception;
    }
    number_var17 = tsn_op_mult(ctx, object_var16, object_var15);
    if (tsn_is_exception(ctx, number_var17)) {
        goto target_file_ts_factorial_0_exception;
    }
    number_var5 = number_var17;
    goto target_file_ts_factorial_5_exit;
    target_file_ts_factorial_5_exit:
    retval_var1 = number_var5;
    goto target_file_ts_factorial_1_return;
    goto target_file_ts_factorial_1_return;
    target_file_ts_factorial_0_exception:
    object_var2 = tsn_exception(ctx);
    retval_var1 = tsn_retain_inline(ctx, object_var2);
    target_file_ts_factorial_1_return:
    tsn_release_inline(ctx, object_var2);
    tsn_release_inline(ctx, object_var16);
    tsn_release_inline(ctx, object_var15);
    tsn_release_inline(ctx, object_var13);
    tsn_release_inline(ctx, object_var11);
    tsn_release_inline(ctx, object_var7);
    tsn_release_inline(ctx, object_var4);
    tsn_release_var_ref(ctx, vref_var10);
    tsn_release_var_ref(ctx, vref_var3);
    return retval_var1;
}

static tsn_value file_ts_greet(tsn_vm *ctx, tsn_value_const this_val, tsn_stackframe *stackframe, int argc, tsn_value_const *argv, tsn_closure *closure)
 {
    tsn_module *module = closure->module;
    tsn_value retval_var1 = tsn_undefined(ctx);
    tsn_var_ref vref_var3 = tsn_empty_var_ref(ctx);
    tsn_var_ref vref_var4 = tsn_empty_var_ref(ctx);
    tsn_value object_var5 = tsn_undefined(ctx);
    tsn_value object_var6 = tsn_undefined(ctx);
    tsn_value bool_var9 = tsn_undefined(ctx);
    tsn_value undefined_var8 = tsn_undefined(ctx);
    tsn_value object_var7 = tsn_undefined(ctx);
    tsn_value object_var10 = tsn_undefined(ctx);
    tsn_value object_var11 = tsn_undefined(ctx);
    tsn_value object_var12 = tsn_undefined(ctx);
    tsn_value object_var13 = tsn_undefined(ctx);
    tsn_value object_var14 = tsn_undefined(ctx);
    tsn_value object_var15 = tsn_undefined(ctx);
    tsn_value object_var2 = tsn_undefined(ctx);
    vref_var3 = tsn_new_var_ref(ctx);
    if (tsn_var_ref_is_exception(ctx, vref_var3)) {
        goto target_file_ts_greet_0_exception;
    }
    vref_var4 = tsn_new_var_ref(ctx);
    if (tsn_var_ref_is_exception(ctx, vref_var4)) {
        goto target_file_ts_greet_0_exception;
    }
    object_var5 = tsn_get_func_arg(ctx, argc, argv, 0);
    tsn_set_var_ref(ctx, vref_var3, object_var5);
    object_var6 = tsn_get_func_arg(ctx, argc, argv, 1);
    target_file_ts_greet_2_condition:
    bool_var9 = tsn_op_ne_strict(ctx, object_var6, undefined_var8);
    if (tsn_is_exception(ctx, bool_var9)) {
        goto target_file_ts_greet_0_exception;
    }
    if (tsn_truthy_bool(ctx, bool_var9)) {
        goto target_file_ts_greet_3_condition_true;
    }
    else {
        goto target_file_ts_greet_4_condition_false;
    }
    target_file_ts_greet_3_condition_true:
    object_var7 = tsn_retain_inline(ctx, object_var6);
    goto target_file_ts_greet_5_exit;
    target_file_ts_greet_4_condition_false:
    object_var10 = tsn_get_module_const(ctx, module, 0);
    tsn_release_inline(ctx, object_var7);
    object_var7 = tsn_retain_inline(ctx, object_var10);
    goto target_file_ts_greet_5_exit;
    target_file_ts_greet_5_exit:
    tsn_set_var_ref(ctx, vref_var4, object_var7);
    /*
        At line 7:9
        greeting + ', ' + name
    */
    tsn_set_pc(stackframe, 7, 9);
    object_var11 = tsn_load_var_ref(ctx, vref_var3);
    if (tsn_is_exception(ctx, object_var11)) {
        goto target_file_ts_greet_0_exception;
    }
    /*
        At line 7:9
        greeting + ', '
    */
    object_var12 = tsn_get_module_const(ctx, module, 1);
    object_var13 = tsn_load_var_ref(ctx, vref_var4);
    if (tsn_is_exception(ctx, object_var13)) {
        goto target_file_ts_greet_0_exception;
    }
    object_var14 = tsn_op_add(ctx, object_var13, object_var12);
    if (tsn_is_exception(ctx, object_var14)) {
        goto target_file_ts_greet_0_exception;
    }
    object_var15 = tsn_op_add(ctx, object_var14, object_var11);
    if (tsn_is_exception(ctx, object_var15)) {
        goto target_file_ts_greet_0_exception;
    }
    retval_var1 = tsn_retain_inline(ctx, object_var15);
    goto target_file_ts_greet_1_return;
    goto target_file_ts_greet_1_return;
    target_file_ts_greet_0_exception:
    object_var2 = tsn_exception(ctx);
    retval_var1 = tsn_retain_inline(ctx, object_var2);
    target_file_ts_greet_1_return:
    tsn_release_inline(ctx, object_var2);
    tsn_release_inline(ctx, object_var15);
    tsn_release_inline(ctx, object_var14);
    tsn_release_inline(ctx, object_var13);
    tsn_release_inline(ctx, object_var12);
    tsn_release_inline(ctx, object_var11);
    tsn_release_inline(ctx, object_var10);
    tsn_release_inline(ctx, object_var7);
    tsn_release_inline(ctx, object_var6);
    tsn_release_inline(ctx, object_var5);
    tsn_release_var_ref(ctx, vref_var4);
    tsn_release_var_ref(ctx, vref_var3);
    return retval_var1;
}

static tsn_value file_ts_apply(tsn_vm *ctx, tsn_value_const this_val, tsn_stackframe *stackframe, int argc, tsn_value_const *argv, tsn_closure *closure)
 {
    tsn_module *module = closure->module;
    tsn_value retval_var1 = tsn_undefined(ctx);
    tsn_var_ref vref_var3 = tsn_empty_var_ref(ctx);
    tsn_var_ref vref_var4 = tsn_empty_var_ref(ctx);
    tsn_value object_var5 = tsn_undefined(ctx);
    tsn_value object_var6 = tsn_undefined(ctx);
    tsn_value object_var7 = tsn_undefined(ctx);
    tsn_value object_var8 = tsn_undefined(ctx);
    tsn_value object_var9 = tsn_undefined(ctx);
    tsn_value object_var2 = tsn_undefined(ctx);
    vref_var3 = tsn_new_var_ref(ctx);
    if (tsn_var_ref_is_exception(ctx, vref_var3)) {
        goto target_file_ts_apply_0_exception;
    }
    vref_var4 = tsn_new_var_ref(ctx);
    if (tsn_var_ref_is_exception(ctx, vref_var4)) {
        goto target_file_ts_apply_0_exception;
    }
    object_var5 = tsn_get_func_arg(ctx, argc, argv, 0);
    tsn_set_var_ref(ctx, vref_var3, object_var5);
    object_var6 = tsn_get_func_arg(ctx, argc, argv, 1);
    tsn_set_var_ref(ctx, vref_var4, object_var6);
    object_var7 = tsn_load_var_ref(ctx, vref_var3);
    if (tsn_is_exception(ctx, object_var7)) {
        goto target_file_ts_apply_0_exception;
    }
    /*
        At line 11:9
        fn(value)
    */
    tsn_set_pc(stackframe, 11, 9);
    object_var8 = tsn_load_var_ref(ctx, vref_var4);
    if (tsn_is_exception(ctx, object_var8)) {
        goto target_file_ts_apply_0_exception;
    }
    object_var9 = tsn_call(ctx, object_var7, object_var7, 1, (tsn_value[]){object_var8});
    if (tsn_is_exception(ctx, object_var9)) {
        goto target_file_ts_apply_0_exception;
    }
    retval_var1 = tsn_retain_inline(ctx, object_var9);
    goto target_file_ts_apply_1_return;
    goto target_file_ts_apply_1_return;
    target_file_ts_apply_0_exception:
    object_var2 = tsn_exception(ctx);
    retval_var1 = tsn_retain_inline(ctx, object_var2);
    target_file_ts_apply_1_return:
    tsn_release_inline(ctx, object_var2);
    tsn_release_inline(ctx, object_var9);
    tsn_release_inline(ctx, object_var8);
    tsn_release_inline(ctx, object_var7);
    tsn_release_inline(ctx, object_var6);
    tsn_release_inline(ctx, object_var5);
    tsn_release_var_ref(ctx, vref_var4);
    tsn_release_var_ref(ctx, vref_var3);
    return retval_var1;
}

static tsn_value file_ts_makeAdder(tsn_vm *ctx, tsn_value_const this_val, tsn_stackframe *stackframe, int argc, tsn_value_const *argv, tsn_closure *closure)
 {
    tsn_module *module = closure->module;
    tsn_value retval_var1 = tsn_undefined(ctx);
    tsn_var_ref vref_var3 = tsn_empty_var_ref(ctx);
    tsn_value object_var4 = tsn_undefined(ctx);
    tsn_value object_var5 = tsn_undefined(ctx);
    tsn_value object_var2 = tsn_undefined(ctx);
    vref_var3 = tsn_new_var_ref(ctx);
    if (tsn_var_ref_is_exception(ctx, vref_var3)) {
        goto target_file_ts_makeAdder_0_exception;
    }
    object_var4 = tsn_get_func_arg(ctx, argc, argv, 0);
    tsn_set_var_ref(ctx, vref_var3, object_var4);
    /*
        At line 15:9
        (x) => x + amount
    */
    tsn_set_pc(stackframe, 15, 9);
    object_var5 = tsn_new_arrow_function_closure(ctx, module, &file_ts_makeAdder_anon, 1, 1, (tsn_var_ref[]){vref_var3}, 0, 0, 0);
    if (tsn_is_exception(ctx, object_var5)) {
        goto target_file_ts_makeAdder_0_exception;
    }
    retval_var1 = tsn_retain_inline(ctx, object_var5);
    goto target_file_ts_makeAdder_1_return;
    goto target_file_ts_makeAdder_1_return;
    target_file_ts_makeAdder_0_exception:
    object_var2 = tsn_exception(ctx);
    retval_var1 = tsn_retain_inline(ctx, object_var2);
    target_file_ts_makeAdder_1_return:
    tsn_release_inline(ctx, object_var2);
    tsn_release_inline(ctx, object_var5);
    tsn_release_inline(ctx, object_var4);
    tsn_release_var_ref(ctx, vref_var3);
    return retval_var1;
}

static tsn_value file_ts_makeAdder_anon(tsn_vm *ctx, tsn_value_const this_val, tsn_stackframe *stackframe, int argc, tsn_value_const *argv, tsn_closure *closure)
 {
    tsn_module *module = closure->module;
    tsn_value retval_var1 = tsn_undefined(ctx);
    tsn_var_ref vref_var3 = tsn_empty_var_ref(ctx);
    tsn_var_ref vref_var5 = tsn_empty_var_ref(ctx);
    tsn_value object_var4 = tsn_undefined(ctx);
    tsn_value object_var6 = tsn_undefined(ctx);
    tsn_value object_var7 = tsn_undefined(ctx);
    tsn_value object_var8 = tsn_undefined(ctx);
    tsn_value object_var2 = tsn_undefined(ctx);
    vref_var3 = tsn_new_var_ref(ctx);
    if (tsn_var_ref_is_exception(ctx, vref_var3)) {
        goto target_file_ts_makeAdder_anon_0_exception;
    }
    vref_var5 = tsn_get_closure_var(ctx, closure, 0);
    object_var4 = tsn_get_func_arg(ctx, argc, argv, 0);
    tsn_set_var_ref(ctx, vref_var3, object_var4);
    /*
        At line 15:16
        x + amount
    */
    tsn_set_pc(stackframe, 15, 16);
    object_var6 = tsn_load_var_ref(ctx, vref_var5);
    if (tsn_is_exception(ctx, object_var6)) {
        goto target_file_ts_makeAdder_anon_0_exception;
    }
    object_var7 = tsn_load_var_ref(ctx, vref_var3);
    if (tsn_is_exception(ctx, object_var7)) {
        goto target_file_ts_makeAdder_anon_0_exception;
    }
    object_var8 = tsn_op_add(ctx, object_var7, object_var6);
    if (tsn_is_exception(ctx, object_var8)) {
        goto target_file_ts_makeAdder_anon_0_exception;
    }
    retval_var1 = tsn_retain_inline(ctx, object_var8);
    goto target_file_ts_makeAdder_anon_1_return;
    goto target_file_ts_makeAdder_anon_1_return;
    target_file_ts_makeAdder_anon_0_exception:
    object_var2 = tsn_exception(ctx);
    retval_var1 = tsn_retain_inline(ctx, object_var2);
    target_file_ts_makeAdder_anon_1_return:
    tsn_release_inline(ctx, object_var2);
    tsn_release_inline(ctx, object_var8);
    tsn_release_inline(ctx, object_var7);
    tsn_release_inline(ctx, object_var6);
    tsn_release_inline(ctx, object_var4);
    tsn_release_var_ref(ctx, vref_var5);
    tsn_release_var_ref(ctx, vref_var3);
    return retval_var1;
}

static tsn_value file_ts_run(tsn_vm *ctx, tsn_value_const this_val, tsn_stackframe *stackframe, int argc, tsn_value_const *argv, tsn_closure *closure)
 {
    tsn_module *module = closure->module;
    tsn_value retval_var1 = tsn_undefined(ctx);
    tsn_var_ref vref_var5 = tsn_empty_var_ref(ctx);
    tsn_var_ref vref_var9 = tsn_empty_var_ref(ctx);
    tsn_var_ref vref_var14 = tsn_empty_var_ref(ctx);
    tsn_var_ref vref_var22 = tsn_empty_var_ref(ctx);
    tsn_var_ref vref_var3 = tsn_empty_var_ref(ctx);
    tsn_var_ref vref_var4 = tsn_empty_var_ref(ctx);
    tsn_value object_var6 = tsn_undefined(ctx);
    tsn_value number_var7 = tsn_undefined(ctx);
    tsn_value object_var8 = tsn_undefined(ctx);
    tsn_value object_var10 = tsn_undefined(ctx);
    tsn_value object_var11 = tsn_undefined(ctx);
    tsn_value number_var12 = tsn_undefined(ctx);
    tsn_value object_var13 = tsn_undefined(ctx);
    tsn_value object_var15 = tsn_undefined(ctx);
    tsn_value object_var16 = tsn_undefined(ctx);
    tsn_value object_var17 = tsn_undefined(ctx);
    tsn_value object_var18 = tsn_undefined(ctx);
    tsn_value object_var19 = tsn_undefined(ctx);
    tsn_value object_var20 = tsn_undefined(ctx);
    tsn_value object_var21 = tsn_undefined(ctx);
    tsn_value object_var23 = tsn_undefined(ctx);
    tsn_value number_var24 = tsn_undefined(ctx);
    tsn_value object_var25 = tsn_undefined(ctx);
    tsn_value object_var26 = tsn_undefined(ctx);
    tsn_value object_var27 = tsn_undefined(ctx);
    tsn_value object_var2 = tsn_undefined(ctx);
    vref_var5 = tsn_get_closure_var(ctx, closure, 0);
    vref_var9 = tsn_get_closure_var(ctx, closure, 1);
    vref_var14 = tsn_get_closure_var(ctx, closure, 2);
    vref_var22 = tsn_get_closure_var(ctx, closure, 3);
    vref_var3 = tsn_new_var_ref(ctx);
    if (tsn_var_ref_is_exception(ctx, vref_var3)) {
        goto target_file_ts_run_0_exception;
    }
    vref_var4 = tsn_new_var_ref(ctx);
    if (tsn_var_ref_is_exception(ctx, vref_var4)) {
        goto target_file_ts_run_0_exception;
    }
    /*
        At line 19:8
        add5 = makeAdder(5)
    */
    tsn_set_pc(stackframe, 19, 8);
    object_var6 = tsn_load_var_ref(ctx, vref_var5);
    if (tsn_is_exception(ctx, object_var6)) {
        goto target_file_ts_run_0_exception;
    }
    /*
        At line 19:15
        makeAdder(5)
    */
    number_var7 = tsn_int32(ctx, 5);
    object_var8 = tsn_call(ctx, object_var6, object_var6, 1, (tsn_value[]){number_var7});
    if (tsn_is_exception(ctx, object_var8)) {
        goto target_file_ts_run_0_exception;
    }
    tsn_set_var_ref(ctx, vref_var3, object_var8);
    /*
        At line 20:8
        doubled = apply((x) => x * 2, 10)
    */
    tsn_set_pc(stackframe, 20, 8);
    object_var10 = tsn_load_var_ref(ctx, vref_var9);
    if (tsn_is_exception(ctx, object_var10)) {
        goto target_file_ts_run_0_exception;
    }
    /*
        At line 20:18
        apply((x) => x * 2, 10)
    */
    /*
        At line 20:24
        (x) => x * 2
    */
    object_var11 = tsn_new_arrow_function(ctx, module, &file_ts_run_doubled_anon, 1, 0, 0, 0);
    if (tsn_is_exception(ctx, object_var11)) {
        goto target_file_ts_run_0_exception;
    }
    number_var12 = tsn_int32(ctx, 10);
    object_var13 = tsn_call(ctx, object_var10, object_var10, 2, (tsn_value[]){object_var11, number_var12});
    if (tsn_is_exception(ctx, object_var13)) {
        goto target_file_ts_run_0_exception;
    }
    tsn_set_var_ref(ctx, vref_var4, object_var13);
    /*
        At line 21:9
        factorial(4) + add5(doubled) + greet('World').leng
        [...]
    */
    tsn_set_pc(stackframe, 21, 9);
    /*
        At line 21:40
        greet('World').length
    */
    object_var15 = tsn_load_var_ref(ctx, vref_var14);
    if (tsn_is_exception(ctx, object_var15)) {
        goto target_file_ts_run_0_exception;
    }
    /*
        At line 21:40
        greet('World')
    */
    object_var16 = tsn_get_module_const(ctx, module, 2);
    object_var17 = tsn_call(ctx, object_var15, object_var15, 1, (tsn_value[]){object_var16});
    if (tsn_is_exception(ctx, object_var17)) {
        goto target_file_ts_run_0_exception;
    }
    object_var18 = tsn_get_property(ctx, &object_var17, module->atoms[TSN_ATOM_LENGTH], &object_var17, 0);
    if (tsn_is_exception(ctx, object_var18)) {
        goto target_file_ts_run_0_exception;
    }
    /*
        At line 21:9
        factorial(4) + add5(doubled)
    */
    object_var19 = tsn_load_var_ref(ctx, vref_var3);
    if (tsn_is_exception(ctx, object_var19)) {
        goto target_file_ts_run_0_exception;
    }
    /*
        At line 21:24
        add5(doubled)
    */
    object_var20 = tsn_load_var_ref(ctx, vref_var4);
    if (tsn_is_exception(ctx, object_var20)) {
        goto target_file_ts_run_0_exception;
    }
    object_var21 = tsn_call(ctx, object_var19, object_var19, 1, (tsn_value[]){object_var20});
    if (tsn_is_exception(ctx, object_var21)) {
        goto target_file_ts_run_0_exception;
    }
    object_var23 = tsn_load_var_ref(ctx, vref_var22);
    if (tsn_is_exception(ctx, object_var23)) {
        goto target_file_ts_run_0_exception;
    }
    /*
        At line 21:9
        factorial(4)
    */
    number_var24 = tsn_int32(ctx, 4);
    object_var25 = tsn_call(ctx, object_var23, object_var23, 1, (tsn_value[]){number_var24});
    if (tsn_is_exception(ctx, object_var25)) {
        goto target_file_ts_run_0_exception;
    }
    object_var26 = tsn_op_add(ctx, object_var25, object_var21);
    if (tsn_is_exception(ctx, object_var26)) {
        goto target_file_ts_run_0_exception;
    }
    object_var27 = tsn_op_add(ctx, object_var26, object_var18);
    if (tsn_is_exception(ctx, object_var27)) {
        goto target_file_ts_run_0_exception;
    }
    retval_var1 = tsn_retain_inline(ctx, object_var27);
    goto target_file_ts_run_1_return;
    goto target_file_ts_run_1_return;
    target_file_ts_run_0_exception:
    object_var2 = tsn_exception(ctx);
    retval_var1 = tsn_retain_inline(ctx, object_var2);
    target_file_ts_run_1_return:
    tsn_release_inline(ctx, object_var2);
    tsn_release_inline(ctx, object_var27);
    tsn_release_inline(ctx, object_var26);
    tsn_release_inline(ctx, object_var25);
    tsn_release_inline(ctx, object_var23);
    tsn_release_inline(ctx, object_var21);
    tsn_release_inline(ctx, object_var20);
    tsn_release_inline(ctx, object_var19);
    tsn_release_inline(ctx, object_var18);
    tsn_release_inline(ctx, object_var17);
    tsn_release_inline(ctx, object_var16);
    tsn_release_inline(ctx, object_var15);
    tsn_release_inline(ctx, object_var13);
    tsn_release_inline(ctx, object_var11);
    tsn_release_inline(ctx, object_var10);
    tsn_release_inline(ctx, object_var8);
    tsn_release_inline(ctx, object_var6);
    tsn_release_var_ref(ctx, vref_var4);
    tsn_release_var_ref(ctx, vref_var3);
    tsn_release_var_ref(ctx, vref_var22);
    tsn_release_var_ref(ctx, vref_var14);
    tsn_release_var_ref(ctx, vref_var9);
    tsn_release_var_ref(ctx, vref_var5);
    return retval_var1;
}

static tsn_value file_ts_run_doubled_anon(tsn_vm *ctx, tsn_value_const this_val, tsn_stackframe *stackframe, int argc, tsn_value_const *argv, tsn_closure *closure)
 {
    tsn_module *module = closure->module;
    tsn_value retval_var1 = tsn_undefined(ctx);
    tsn_var_ref vref_var3 = tsn_empty_var_ref(ctx);
    tsn_value object_var4 = tsn_undefined(ctx);
    tsn_value number_var5 = tsn_undefined(ctx);
    tsn_value object_var6 = tsn_undefined(ctx);
    tsn_value number_var7 = tsn_undefined(ctx);
    tsn_value object_var2 = tsn_undefined(ctx);
    vref_var3 = tsn_new_var_ref(ctx);
    if (tsn_var_ref_is_exception(ctx, vref_var3)) {
        goto target_file_ts_run_doubled_anon_0_exception;
    }
    object_var4 = tsn_get_func_arg(ctx, argc, argv, 0);
    tsn_set_var_ref(ctx, vref_var3, object_var4);
    /*
        At line 20:31
        x * 2
    */
    tsn_set_pc(stackframe, 20, 31);
    number_var5 = tsn_int32(ctx, 2);
    object_var6 = tsn_load_var_ref(ctx, vref_var3);
    if (tsn_is_exception(ctx, object_var6)) {
        goto target_file_ts_run_doubled_anon_0_exception;
    }
    number_var7 = tsn_op_mult(ctx, object_var6, number_var5);
    if (tsn_is_exception(ctx, number_var7)) {
        goto target_file_ts_run_doubled_anon_0_exception;
    }
    retval_var1 = number_var7;
    goto target_file_ts_run_doubled_anon_1_return;
    goto target_file_ts_run_doubled_anon_1_return;
    target_file_ts_run_doubled_anon_0_exception:
    object_var2 = tsn_exception(ctx);
    retval_var1 = tsn_retain_inline(ctx, object_var2);
    target_file_ts_run_doubled_anon_1_return:
    tsn_release_inline(ctx, object_var2);
    tsn_release_inline(ctx, object_var6);
    tsn_release_inline(ctx, object_var4);
    tsn_release_var_ref(ctx, vref_var3);
    return retval_var1;
}


 // BEGIN MODULE DEFINITION 'file_ts'
static const tsn_string_def file_ts_module_atoms[] =  {
    {"factorial", 9},
    {"greet", 5},
    {"apply", 5},
    {"makeAdder", 9},
    {"run", 3},
    {"length", 6},
};
static const tsn_string_def file_ts_module_constants[] =  {
    {"Hello", 5},
    {", ", 2},
    {"World", 5},
};
static tsn_value file_ts_create_module_func(tsn_vm *ctx) {
    tsn_module *module;
    module = tsn_new_module(ctx, 6, 3, 0);
    tsn_assign_module_atoms(ctx, module, file_ts_module_atoms, 6);
    tsn_assign_module_strings(ctx, module, file_ts_module_constants, 3);
    tsn_value output;
    output = tsn_new_module_init_fn(ctx, module, &file_ts__module_init__);
    tsn_free_module(ctx, module);
    return output;
}

__attribute__((constructor)) static void __do_register_module() {
    tsn_register_module("file.ts", file_ts_create_module_func);
}

