import { Asset } from "valdi_core/src/Asset";
import { Component } from "valdi_core/src/Component";
interface ViewModel {
    defaultAsset: string | Asset;
    iOSOverrideAsset: string | Asset;
}
export declare class PlatformSpecificAsset extends Component<ViewModel> {
    private asset?;
    onViewModelUpdate(): void;
    onRender(): void;
}
export {};
