{"classMappings":{"local.RemoteAsyncLoadComponent":{"isLayout":true,"isSlot":false,"jsxName":"layout","sourceFilePath":"src\/RemoteAsyncLoadComponent.vue","sourceModuleName":"local","valdiViewPath":{"exportedMember":"ComponentClass","fileName":"local\/src\/RemoteAsyncLoadComponent.vue.generated"}},"local.RemoteComponentInLocalComponent":{"isLayout":false,"isSlot":false,"jsxName":"view","sourceFilePath":"src\/RemoteComponentInLocalComponent.vue","sourceModuleName":"local","valdiViewPath":{"exportedMember":"ComponentClass","fileName":"local\/src\/RemoteComponentInLocalComponent.vue.generated"}},"local.RemoteScriptInLocalComponent":{"isLayout":false,"isSlot":false,"jsxName":"view","sourceFilePath":"src\/RemoteScriptInLocalComponent.vue","sourceModuleName":"local","valdiViewPath":{"exportedMember":"ComponentClass","fileName":"local\/src\/RemoteScriptInLocalComponent.vue.generated"}}},"generatedTypes":[],"nativeApiMinVersion":null,"nativeTypes":{"entries":[]}}